
Running 1 test using 1 worker

Generating and uploading QRT file via UNC...
[INFO] POS       : RHBQR170406
[INFO] Merchant  : OI1704268 (ON1704202608)
[GEN] Generated locally: C:\Users\Finforz Tech\QRS_Automation\playwright-starter\test-data\qrt-output\ReflexQR_DailyReport_RHBQR170406_18042026_1776505962748.csv
[COPY] Copying to UNC: \\192.168.7.60\TesterShare\QRS\phase3-release3\temp\input\qrt\ReflexQR_DailyReport_RHBQR170406_18042026_1776505962748.csv
[COPY] Γ£à Uploaded successfully: \\192.168.7.60\TesterShare\QRS\phase3-release3\temp\input\qrt\ReflexQR_DailyReport_RHBQR170406_18042026_1776505962748.csv
[INFO] Saved test context to C:\Users\Finforz Tech\QRS_Automation\playwright-starter\test-data\last-upload.json
Loaded test data for file: ReflexQR_DailyReport_RHBQR170406_18042026_1776505962748.csv
Waiting 30 seconds for the system to process the file...
  x  1 tests\qrt-upload-validation.spec.ts:28:7 ΓÇ║ QRT Upload Validation ΓÇ║ Verify File Processing and QR Transaction reports (31.5s)


  1) tests\qrt-upload-validation.spec.ts:28:7 ΓÇ║ QRT Upload Validation ΓÇ║ Verify File Processing and QR Transaction reports 

    [31mTest timeout of 30000ms exceeded.[39m

    Error: page.waitForTimeout: Test timeout of 30000ms exceeded.

      34 |     // Wait extra time for the background processing of the file to complete
      35 |     console.log('Waiting 30 seconds for the system to process the file...');
    > 36 |     await page.waitForTimeout(30000); 
         |                ^
      37 |
      38 |     // Step 2: Validate File Processing page
      39 |     const fileProcPage = new FileProcessingPage(page);
        at C:\Users\Finforz Tech\QRS_Automation\playwright-starter\tests\qrt-upload-validation.spec.ts:36:16

    attachment #1: screenshot (image/png) ΓöÇΓöÇΓöÇΓöÇΓöÇΓöÇΓöÇΓöÇΓöÇΓöÇΓöÇΓöÇΓöÇΓöÇΓöÇΓöÇΓöÇΓöÇΓöÇΓöÇΓöÇΓöÇΓöÇΓöÇΓöÇΓöÇΓöÇΓöÇΓöÇΓöÇΓöÇΓöÇΓöÇΓöÇΓöÇΓöÇΓöÇΓöÇΓöÇΓöÇΓöÇΓöÇΓöÇΓöÇΓöÇΓöÇΓöÇΓöÇΓöÇΓöÇΓöÇΓöÇΓöÇΓöÇΓöÇΓöÇΓöÇΓöÇ
    test-results\qrt-upload-validation-QRT--f4ca0--and-QR-Transaction-reports\test-failed-1.png
    ΓöÇΓöÇΓöÇΓöÇΓöÇΓöÇΓöÇΓöÇΓöÇΓöÇΓöÇΓöÇΓöÇΓöÇΓöÇΓöÇΓöÇΓöÇΓöÇΓöÇΓöÇΓöÇΓöÇΓöÇΓöÇΓöÇΓöÇΓöÇΓöÇΓöÇΓöÇΓöÇΓöÇΓöÇΓöÇΓöÇΓöÇΓöÇΓöÇΓöÇΓöÇΓöÇΓöÇΓöÇΓöÇΓöÇΓöÇΓöÇΓöÇΓöÇΓöÇΓöÇΓöÇΓöÇΓöÇΓöÇΓöÇΓöÇΓöÇΓöÇΓöÇΓöÇΓöÇΓöÇΓöÇΓöÇΓöÇΓöÇΓöÇΓöÇΓöÇΓöÇΓöÇΓöÇΓöÇΓöÇΓöÇΓöÇΓöÇΓöÇΓöÇΓöÇΓöÇΓöÇΓöÇΓöÇΓöÇΓöÇΓöÇΓöÇΓöÇΓöÇΓöÇΓöÇΓöÇΓöÇ

    attachment #2: video (video/webm) ΓöÇΓöÇΓöÇΓöÇΓöÇΓöÇΓöÇΓöÇΓöÇΓöÇΓöÇΓöÇΓöÇΓöÇΓöÇΓöÇΓöÇΓöÇΓöÇΓöÇΓöÇΓöÇΓöÇΓöÇΓöÇΓöÇΓöÇΓöÇΓöÇΓöÇΓöÇΓöÇΓöÇΓöÇΓöÇΓöÇΓöÇΓöÇΓöÇΓöÇΓöÇΓöÇΓöÇΓöÇΓöÇΓöÇΓöÇΓöÇΓöÇΓöÇΓöÇΓöÇΓöÇΓöÇΓöÇΓöÇΓöÇΓöÇΓöÇΓöÇΓöÇΓöÇ
    test-results\qrt-upload-validation-QRT--f4ca0--and-QR-Transaction-reports\video.webm
    ΓöÇΓöÇΓöÇΓöÇΓöÇΓöÇΓöÇΓöÇΓöÇΓöÇΓöÇΓöÇΓöÇΓöÇΓöÇΓöÇΓöÇΓöÇΓöÇΓöÇΓöÇΓöÇΓöÇΓöÇΓöÇΓöÇΓöÇΓöÇΓöÇΓöÇΓöÇΓöÇΓöÇΓöÇΓöÇΓöÇΓöÇΓöÇΓöÇΓöÇΓöÇΓöÇΓöÇΓöÇΓöÇΓöÇΓöÇΓöÇΓöÇΓöÇΓöÇΓöÇΓöÇΓöÇΓöÇΓöÇΓöÇΓöÇΓöÇΓöÇΓöÇΓöÇΓöÇΓöÇΓöÇΓöÇΓöÇΓöÇΓöÇΓöÇΓöÇΓöÇΓöÇΓöÇΓöÇΓöÇΓöÇΓöÇΓöÇΓöÇΓöÇΓöÇΓöÇΓöÇΓöÇΓöÇΓöÇΓöÇΓöÇΓöÇΓöÇΓöÇΓöÇΓöÇΓöÇΓöÇ

    Error Context: test-results\qrt-upload-validation-QRT--f4ca0--and-QR-Transaction-reports\error-context.md

    attachment #4: trace (application/zip) ΓöÇΓöÇΓöÇΓöÇΓöÇΓöÇΓöÇΓöÇΓöÇΓöÇΓöÇΓöÇΓöÇΓöÇΓöÇΓöÇΓöÇΓöÇΓöÇΓöÇΓöÇΓöÇΓöÇΓöÇΓöÇΓöÇΓöÇΓöÇΓöÇΓöÇΓöÇΓöÇΓöÇΓöÇΓöÇΓöÇΓöÇΓöÇΓöÇΓöÇΓöÇΓöÇΓöÇΓöÇΓöÇΓöÇΓöÇΓöÇΓöÇΓöÇΓöÇΓöÇΓöÇΓöÇΓöÇΓöÇΓöÇ
    test-results\qrt-upload-validation-QRT--f4ca0--and-QR-Transaction-reports\trace.zip
    Usage:

        npx playwright show-trace test-results\qrt-upload-validation-QRT--f4ca0--and-QR-Transaction-reports\trace.zip

    ΓöÇΓöÇΓöÇΓöÇΓöÇΓöÇΓöÇΓöÇΓöÇΓöÇΓöÇΓöÇΓöÇΓöÇΓöÇΓöÇΓöÇΓöÇΓöÇΓöÇΓöÇΓöÇΓöÇΓöÇΓöÇΓöÇΓöÇΓöÇΓöÇΓöÇΓöÇΓöÇΓöÇΓöÇΓöÇΓöÇΓöÇΓöÇΓöÇΓöÇΓöÇΓöÇΓöÇΓöÇΓöÇΓöÇΓöÇΓöÇΓöÇΓöÇΓöÇΓöÇΓöÇΓöÇΓöÇΓöÇΓöÇΓöÇΓöÇΓöÇΓöÇΓöÇΓöÇΓöÇΓöÇΓöÇΓöÇΓöÇΓöÇΓöÇΓöÇΓöÇΓöÇΓöÇΓöÇΓöÇΓöÇΓöÇΓöÇΓöÇΓöÇΓöÇΓöÇΓöÇΓöÇΓöÇΓöÇΓöÇΓöÇΓöÇΓöÇΓöÇΓöÇΓöÇΓöÇΓöÇ

  1 failed
    tests\qrt-upload-validation.spec.ts:28:7 ΓÇ║ QRT Upload Validation ΓÇ║ Verify File Processing and QR Transaction reports 
